// Jest Snapshot v1, https://goo.gl/fbAQLP

exports[`Hello.vue matches snapshot 1`] = `
<q-list no-border="">
  <q-item class="greeting">Hello snap!</q-item>
  <q-btn id="btnDec">-</q-btn>
  <q-btn id="btnInc">+</q-btn>
</q-list>
`;
